---
namespace: Compile
expectation: Pass
outputs:
  - - initial_symbol_table: d1ac6f2770af6bce07c5b9bcfc4f0ea207fd700e0f92308d70db29badf64844d
      type_checked_symbol_table: 5bc78fe4edd1a7989f75e73c5a67044df448be223990aeea89d19c62c8dd5ef1
      unrolled_symbol_table: 5bc78fe4edd1a7989f75e73c5a67044df448be223990aeea89d19c62c8dd5ef1
      initial_ast: 6cccef6f3b61bf8243e60d84816116af853d789d3ee036e65f154aeadf4d498e
      unrolled_ast: 6cccef6f3b61bf8243e60d84816116af853d789d3ee036e65f154aeadf4d498e
      ssa_ast: 9a45d4a96d0cb3d79d934cb3a25d787fe01b297e12f43e3e651bb0a6a2ba5fd6
      flattened_ast: 6ae60e930a9d72fddd1c0a2edf2dcb017c173291f99f775fba5def7109f777e7
      destructured_ast: 8c89ad11810266f9bb21eaf1c260d3acbbfb280f6926279f8428fc922acfae7c
      inlined_ast: 8c89ad11810266f9bb21eaf1c260d3acbbfb280f6926279f8428fc922acfae7c
      dce_ast: 8c89ad11810266f9bb21eaf1c260d3acbbfb280f6926279f8428fc922acfae7c
      bytecode: 8195766fd4b565e30f6f4e088c57977e5a558d68847e0a61fe2b8de79bd2590d
      warnings: ""
