---
namespace: Compile
expectation: Pass
outputs:
  - - initial_symbol_table: a5f56d9140369710d2616f22e72769b4ce4786e6b3cadd3eaa7301dd486c160b
      type_checked_symbol_table: e35e7c6ab49ed308a4cb758f407532677f9176ed232b34f2c49fb58634d7c979
      unrolled_symbol_table: e35e7c6ab49ed308a4cb758f407532677f9176ed232b34f2c49fb58634d7c979
      initial_ast: 07471704e18a01d0ae4844ece2f29282a60ba80a87dfc66ac3981412e042e78f
      unrolled_ast: 07471704e18a01d0ae4844ece2f29282a60ba80a87dfc66ac3981412e042e78f
      ssa_ast: 6db4facac2fc8eab5064ee78e668e9a3ef91b60857aae7d74ab3503591e3ab12
      flattened_ast: 4c59353246ab0fc11048482824cb7759a51ae975cea0c13d87fa5574f00fc678
      destructured_ast: 983288245f0ef405252ac0f7dcbc6f3f810fd8930c43f384d701b6ece99cc481
      inlined_ast: 983288245f0ef405252ac0f7dcbc6f3f810fd8930c43f384d701b6ece99cc481
      dce_ast: 983288245f0ef405252ac0f7dcbc6f3f810fd8930c43f384d701b6ece99cc481
      bytecode: 041ad04237619df46380596339019563fc1d330a7e3792a3d856e4b600e8501e
      warnings: ""
