---
namespace: Compile
expectation: Pass
outputs:
  - - initial_symbol_table: 2658cc46474508322e7f12b986c382eeffb3de47b35e77a1a0d78d5ccb012baf
      type_checked_symbol_table: 037ce128721bb9836ae981f0d780be368d31aedc444742e912c3fd942326e99b
      unrolled_symbol_table: 037ce128721bb9836ae981f0d780be368d31aedc444742e912c3fd942326e99b
      initial_ast: e1b0914142454aabf8d4dc903af73fb8d431153ab0c5641457d4bd485bdccf74
      unrolled_ast: e1b0914142454aabf8d4dc903af73fb8d431153ab0c5641457d4bd485bdccf74
      ssa_ast: cf8dc3eaa897867417812b6a0e677d51c9bb6dfb417cc320242af103bebecfae
      flattened_ast: b72230f593ffe3e6a219c68c0cf5dec8d084925d4f82ce96db2a1395e721ff14
      destructured_ast: 130f61abf4835863361002e7560069702c88652d072cc83d229ef24e1a4f6cf6
      inlined_ast: 130f61abf4835863361002e7560069702c88652d072cc83d229ef24e1a4f6cf6
      dce_ast: 130f61abf4835863361002e7560069702c88652d072cc83d229ef24e1a4f6cf6
      bytecode: 6d6695b67fa8f1cff43f2d00c6ce7e118342fb3e0bd05008d952820bf0e6dca8
      warnings: ""
