---
namespace: Compile
expectation: Pass
outputs:
  - - initial_symbol_table: 5a59bc205eed395ed0a857abe27790d3612aaac26fce76ec8b77b539dd85b4ad
      type_checked_symbol_table: eec79e1688bdeb5852327404ba04f4db9b6a914d2b19fc0578a44ac097fa4149
      unrolled_symbol_table: eec79e1688bdeb5852327404ba04f4db9b6a914d2b19fc0578a44ac097fa4149
      initial_ast: f96f658ed147d34aba936f39d10003a2709ee28c80f458adb2fa8442157d99be
      unrolled_ast: f96f658ed147d34aba936f39d10003a2709ee28c80f458adb2fa8442157d99be
      ssa_ast: b660453fdeb2cbbff859a376bd97bc07e419967ae995c32d41f8929cd4291849
      flattened_ast: b060cae84339bea950fc0aeeb59ea52992d64d4be47c10c90a20d736a16e88e6
      destructured_ast: bb687780c5c1cb5898aa4a4b80194bded527f240ae1931b5cc7f335783dc5134
      inlined_ast: bb687780c5c1cb5898aa4a4b80194bded527f240ae1931b5cc7f335783dc5134
      dce_ast: 1fe6cf81ea3aa6dc1af6397d1732de9218322ee626d8628bf1a42c0f18f02b03
      bytecode: e6a59e3156a3ff5801a42607df078d08aa239f34556930470761e1c5848ae171
      warnings: ""
