---
namespace: Compile
expectation: Pass
outputs:
  - - initial_symbol_table: 1fd0cc9d0de6a4a2f7dd6e3121cc5d7d635ac2d6bc447187d6c649f0d82ca267
      type_checked_symbol_table: f9d62dee5604ba02b4e562c5eec5970479f7f44d87c18f7774080cc713feb73a
      unrolled_symbol_table: f9d62dee5604ba02b4e562c5eec5970479f7f44d87c18f7774080cc713feb73a
      initial_ast: 9d0ce7d0bc726587b2ac68f9bfd5f7f74bb08741b00171a778f9e25a4fdf378a
      unrolled_ast: 9d0ce7d0bc726587b2ac68f9bfd5f7f74bb08741b00171a778f9e25a4fdf378a
      ssa_ast: 43a87f9f725ace6ed191c270b0b6ee356ffb74e2631fdaa47b2f20e5fcb16482
      flattened_ast: 383301ebc42bedef06ed8d6807675e2e8da77a776e823ef30833ba7dfb023bf6
      destructured_ast: fa12756b717cbc40a40e3c9cf41b439282a294ec7329140771c23345f49ef85a
      inlined_ast: fa12756b717cbc40a40e3c9cf41b439282a294ec7329140771c23345f49ef85a
      dce_ast: fa12756b717cbc40a40e3c9cf41b439282a294ec7329140771c23345f49ef85a
      bytecode: 146646862a181a2d9c802993b30c04190405d0ec9cf00847c755162af14ab765
      warnings: ""
