---
namespace: Compile
expectation: Pass
outputs:
  - - initial_symbol_table: 1fd0cc9d0de6a4a2f7dd6e3121cc5d7d635ac2d6bc447187d6c649f0d82ca267
      type_checked_symbol_table: f9d62dee5604ba02b4e562c5eec5970479f7f44d87c18f7774080cc713feb73a
      unrolled_symbol_table: f9d62dee5604ba02b4e562c5eec5970479f7f44d87c18f7774080cc713feb73a
      initial_ast: 3b81e627fb68dcb0f0f4292e241f27c8ff86c07f545b3574e3144282f3adb4b5
      unrolled_ast: 3b81e627fb68dcb0f0f4292e241f27c8ff86c07f545b3574e3144282f3adb4b5
      ssa_ast: dca5e2634d123e7a9b5384850a9a99acec9ac20ba66dd535c285d5f92cc052b6
      flattened_ast: 66cd7cf2218cbc8c745b938e7d1cd89a3bc562e30a52ec4b281cd1f7a452815d
      destructured_ast: 7202b2628adc40f5b3a3876d0567c155b49d88912e9efee9cb9f6b766458999b
      inlined_ast: 7202b2628adc40f5b3a3876d0567c155b49d88912e9efee9cb9f6b766458999b
      dce_ast: 7202b2628adc40f5b3a3876d0567c155b49d88912e9efee9cb9f6b766458999b
      bytecode: 56e6953042e8cf528010b3706c59f9240a38c0e4537f2bcedb790d17e0595327
      warnings: ""
