---
namespace: Compile
expectation: Pass
outputs:
  - - initial_symbol_table: 7d3e81836aac05a2a6db39e7ec14faec547577c597f679d9dbac20397151355c
      type_checked_symbol_table: f07cd29832076504537fcecac318aa3b8c3fb7c3247ce5e3e9181fdccce5449a
      unrolled_symbol_table: f07cd29832076504537fcecac318aa3b8c3fb7c3247ce5e3e9181fdccce5449a
      initial_ast: 3ce491c98597f2b7460c6f2a055b4f342c7056bbb6067080fc317aa80ac62b5a
      unrolled_ast: 3ce491c98597f2b7460c6f2a055b4f342c7056bbb6067080fc317aa80ac62b5a
      ssa_ast: a32dcc57e1b0bb45fa8a3b86850e0d3d5ee991d81c846bf6e6317595837c566a
      flattened_ast: b919076279215d29c03d6cf88fa084a4249226b1babf141c8d967dfaf0a22f04
      destructured_ast: 56927d68b0787d272094cd6ce033651f62e1e0c142d812474f41e91e334362b3
      inlined_ast: 56927d68b0787d272094cd6ce033651f62e1e0c142d812474f41e91e334362b3
      dce_ast: 56927d68b0787d272094cd6ce033651f62e1e0c142d812474f41e91e334362b3
      bytecode: eb8fb8c25730005f5c6c14d190313c0bee2ae389d6295686dd1867663fc93f67
      warnings: ""
