---
namespace: Compile
expectation: Pass
outputs:
  - - initial_symbol_table: 1f96df1e414fd96505a23c658692de40614d28804ebeaeafc90835f4087c91cc
      type_checked_symbol_table: f51b6c1660b8bb5b45ca5e05c303bf2fb92e47d575ff34c69abec002486452f4
      unrolled_symbol_table: f51b6c1660b8bb5b45ca5e05c303bf2fb92e47d575ff34c69abec002486452f4
      initial_ast: ad4db0ff2c5abda9e47d9d79c34f8a4ab3064c04045c822b32d24c9a1d810e05
      unrolled_ast: ad4db0ff2c5abda9e47d9d79c34f8a4ab3064c04045c822b32d24c9a1d810e05
      ssa_ast: 04f61aac156f7cb94f333bff93ff8dd63ee68e50ff9743b9c0763812962263f2
      flattened_ast: 42fa9a04188e2effd0e9163930fae3ed0f7540dc05f436855aad2d0230b5ebf0
      destructured_ast: 9d95523b25d580c248608814b35c28795c154a4c52bc40f63cbeab88a57cef8c
      inlined_ast: 9d95523b25d580c248608814b35c28795c154a4c52bc40f63cbeab88a57cef8c
      dce_ast: 2755ed975c9a1f27c7afc3a79821d59b523ed60e298aeba597e3424c655657e7
      bytecode: 1ee04c880a78442953925baa8e3c60e416d77c926da80774db6961188aaba65a
      warnings: ""
