---
namespace: Compile
expectation: Pass
outputs:
  - - initial_symbol_table: 1f96df1e414fd96505a23c658692de40614d28804ebeaeafc90835f4087c91cc
      type_checked_symbol_table: aaaec423b2c439b4857751e7dec72e29fbe3cf863753d6f21e52c9d0f5e98558
      unrolled_symbol_table: aaaec423b2c439b4857751e7dec72e29fbe3cf863753d6f21e52c9d0f5e98558
      initial_ast: 1bbfcde5e9ff1fc9dda03c80765e4fd305804d7b26c946e84845ca903167906c
      unrolled_ast: 1bbfcde5e9ff1fc9dda03c80765e4fd305804d7b26c946e84845ca903167906c
      ssa_ast: e42d309aabfb14a1e51caf2b2780295f8ffd3b16cb4892acf7fc637ded94b1ca
      flattened_ast: 025a2fcb2ca821ebdb49cae0f38aa5bd16b0fe5a09a55ad548f7b8a48efc1bb0
      destructured_ast: 771ff4442f08c33b4286b113fa208be5802a91547e23fb8402f5af84b636809e
      inlined_ast: 771ff4442f08c33b4286b113fa208be5802a91547e23fb8402f5af84b636809e
      dce_ast: 23cc20ea6658992c8476b8299a306c7958b790c1a3ac5d356e380ddc6d6f36cf
      bytecode: 03845ec2f54d49f71640659603ead8f68ad067a15fda438e5e13524777d1559b
      warnings: ""
