---
namespace: Compile
expectation: Pass
outputs:
  - - initial_symbol_table: 30b74ef9405be6a65d0718e893155dfab9c5a27ba6331b46674fbfe804c078c7
      type_checked_symbol_table: df1b9add309c4f16c8fc410cfe1a5e081449f19662d106576ea7934ae2ec016a
      unrolled_symbol_table: df1b9add309c4f16c8fc410cfe1a5e081449f19662d106576ea7934ae2ec016a
      initial_ast: 5e61b7b4ed1c81df0acdb76649e5b5fd0dc2a6acda156b3b965ec9c187611b37
      unrolled_ast: 5e61b7b4ed1c81df0acdb76649e5b5fd0dc2a6acda156b3b965ec9c187611b37
      ssa_ast: 735a8ad7c3952428f55b27031805d926116e6a2624149ccae341235932f377ec
      flattened_ast: 201fe38c0ad66cba6b66e789f1725b90172a76e23e44081ecd1da9310fe828be
      destructured_ast: d0631ace075911ed32caf87c08434539a32cbe1be1246de71dfd10b79463060a
      inlined_ast: d0631ace075911ed32caf87c08434539a32cbe1be1246de71dfd10b79463060a
      dce_ast: 93c8e3262482eb2a0646aed7615ca996a7f436fbdab321a6f9a5ae2875cf50e5
      bytecode: e2c7366a24109eb7d575db5c998ee9833edf454546a359ea4508eeabfff11d19
      warnings: ""
