---
namespace: Compile
expectation: Pass
outputs:
  - - initial_symbol_table: 077422b93c97f7cd8a28ff1ba7bbe58e07c4b7887304c46d35eb5ac6bf23c972
      type_checked_symbol_table: 5f860d2de9a0608ecbc70179a65c645cd622701fee49e955c77387fa225b01a1
      unrolled_symbol_table: 5f860d2de9a0608ecbc70179a65c645cd622701fee49e955c77387fa225b01a1
      initial_ast: ea088fc7dfcd42cb1c4a02811d0e7183e9e3a957baa1b8c3b7d3f6276ea67b11
      unrolled_ast: ea088fc7dfcd42cb1c4a02811d0e7183e9e3a957baa1b8c3b7d3f6276ea67b11
      ssa_ast: aae5033920c554f4994b824e8d3534943d2cd4e196f53ee9e72d8452776b1780
      flattened_ast: 7e4e4fd33cd99cf0e56a0cbbfd136b120607a5ebaf786f3ff266d46572c33390
      destructured_ast: 790ddf7b2567e2a35b01624a5ac77c570ed07a2b77ff90b7767a4036b9fc4ab5
      inlined_ast: 790ddf7b2567e2a35b01624a5ac77c570ed07a2b77ff90b7767a4036b9fc4ab5
      dce_ast: 3fbd7c77ec1552861459ae447f87cd46ad44a414ca6ce34067a816e9cceebe00
      bytecode: 2bf257739832acc917b4b4f18f149a72e6a8394336740568bd06cb6141704762
      warnings: ""
