---
namespace: Compile
expectation: Pass
outputs:
  - - initial_symbol_table: 85b2afdf445a99fc5beb1bb9b7c98ddce8f4936dbdb5173447e64bfc5c73e96d
      type_checked_symbol_table: 37ed5c5410f201880eb2da82ac4ec3d3ebb21756fc697827b30a5853945bfbb7
      unrolled_symbol_table: 37ed5c5410f201880eb2da82ac4ec3d3ebb21756fc697827b30a5853945bfbb7
      initial_ast: 46dc3e9084ad576990d935df1fb4675bf6dacf23269f9503335b7fa0d7a6cfef
      unrolled_ast: 46dc3e9084ad576990d935df1fb4675bf6dacf23269f9503335b7fa0d7a6cfef
      ssa_ast: db430bdfc973f828e33350316a7263c16d097733231d439cfb3c9d9892df5e2a
      flattened_ast: d16fcf28d6ae712b49b94e5bc40ee9054a057189da92933753aafb7924c208a8
      destructured_ast: 10d6d82fb59324998c8ef024395cf037878939c91620387bb670979b80a0703d
      inlined_ast: 10d6d82fb59324998c8ef024395cf037878939c91620387bb670979b80a0703d
      dce_ast: 79cf21d6e3510e76dd90662601c2446a59d2f99d5229d4516eea01251e82a86f
      bytecode: 6c433e307d008c270d0de4f6a677aa5069fcf55a7613d777379bbab14c24be61
      warnings: ""
