---
namespace: Compile
expectation: Pass
outputs:
  - - initial_symbol_table: 153a795540b8f3c7493d172c26485bd4ca9ff174a66ddb976f5e64d5d1c5bd3e
      type_checked_symbol_table: 05a0d73522a23d8054744e861cb6919de7e0240ffd2c245be7c36ffa6555417c
      unrolled_symbol_table: 05a0d73522a23d8054744e861cb6919de7e0240ffd2c245be7c36ffa6555417c
      initial_ast: ca7335fcf90cf27b14a7ff45cc9c121de5f80edb2d36d32ccbb2071a6ab8c15b
      unrolled_ast: ca7335fcf90cf27b14a7ff45cc9c121de5f80edb2d36d32ccbb2071a6ab8c15b
      ssa_ast: 0edb84b6dcd57a3227eaf279d1ada46a5f96536b58965d0baabb4c13d08971e2
      flattened_ast: 9c89c657cbe0be54355f9626fd872287de7bbc2db668489a01487a12d995fa19
      destructured_ast: da4278279baeb140201130c03601149702158659b2fcb4c4e1f5a652f8935a04
      inlined_ast: c34169bc7e76b32b637ba0a71d3c323a1c136428348e62ff771953841952355b
      dce_ast: c34169bc7e76b32b637ba0a71d3c323a1c136428348e62ff771953841952355b
      bytecode: 0d572a58b3609a5835754184c0d7b55b9bb11b101a11a1be25546a212a668e25
      warnings: ""
