---
namespace: Compile
expectation: Fail
outputs:
  - "Error [ETYC0372008]: The value -1 is not a valid `u16`\n    --> compiler-test:5:22\n     |\n   5 |         let a: u16 = -1u16;\n     |                      ^^^^^\n"
