---
namespace: Compile
expectation: Pass
outputs:
  - - initial_symbol_table: 992dd740994079e30efead06f29f9c2df115a70d54f7649eb5fadec3120db120
      type_checked_symbol_table: 2271d0f496fc810a81e3edbd0303d248c348b0a732ee32e9cff64ccf24073daf
      unrolled_symbol_table: 2271d0f496fc810a81e3edbd0303d248c348b0a732ee32e9cff64ccf24073daf
      initial_ast: 88a39743d2afe866b4575beb9e552618ec3d91ef1936e6b10d005b12fbf28acb
      unrolled_ast: 88a39743d2afe866b4575beb9e552618ec3d91ef1936e6b10d005b12fbf28acb
      ssa_ast: 0096cd9036c99cd7f8da3189c461d81df721150673c9b867e19b30d494a19c06
      flattened_ast: c3f689d8cafe94e9b1ade3e1db9fdc99bce11b269118918c5993d3ea8ce9479f
      destructured_ast: b8a2a230d9b3a8d8e49c20c7661d5ac089f294fb3c85af2cfc0b549427b2458f
      inlined_ast: b8a2a230d9b3a8d8e49c20c7661d5ac089f294fb3c85af2cfc0b549427b2458f
      dce_ast: 71c3823b4fe55854fcb82d4050f055516d0eed538eec3db00095139b6f7b7544
      bytecode: a90328ca973213775dcbfa872950cc8126b172ef1cd4c1a1650277b23b6f6957
      warnings: ""
