---
namespace: Compile
expectation: Pass
outputs:
  - - initial_symbol_table: 992dd740994079e30efead06f29f9c2df115a70d54f7649eb5fadec3120db120
      type_checked_symbol_table: 2271d0f496fc810a81e3edbd0303d248c348b0a732ee32e9cff64ccf24073daf
      unrolled_symbol_table: 2271d0f496fc810a81e3edbd0303d248c348b0a732ee32e9cff64ccf24073daf
      initial_ast: 2eb1b147d4e435e84c83fa8b28cb1e56950868e55c00c03ad98dd1a20a9d9e04
      unrolled_ast: 2eb1b147d4e435e84c83fa8b28cb1e56950868e55c00c03ad98dd1a20a9d9e04
      ssa_ast: 27face24e4e37180acf868845c1e62a99b0acc5dc1e956707ad271511f326939
      flattened_ast: 9781714926dd462131fca54c8f60f7e31e5a47e495a53a224c64cd3e2ae45984
      destructured_ast: 8bb7893879eabb2c7599d22751fe5fdf75473d097661fe182efcf769950d1da2
      inlined_ast: 8bb7893879eabb2c7599d22751fe5fdf75473d097661fe182efcf769950d1da2
      dce_ast: 616b5929af9a8f060ff54813c77dde442f8e27171bce4b5ee078a7a49dd5dcf0
      bytecode: 15b3b2f15f177b34eb81e2436cf4080578e2980fc07eec7472060469a1789b5d
      warnings: ""
