---
namespace: Compile
expectation: Pass
outputs:
  - - initial_symbol_table: 9de9a9614bae9e392c40cbe50c32763866d8facbe3b7b0e618c773c9c1e2452b
      type_checked_symbol_table: 0c70472fb21893662b1ec36bd51f9ac064da4731817d99d9c0030cf08799d915
      unrolled_symbol_table: 0c70472fb21893662b1ec36bd51f9ac064da4731817d99d9c0030cf08799d915
      initial_ast: 763d6afc33ea62579dea2d905b8527891f4444503548996ac1249c0c5f55ca66
      unrolled_ast: 763d6afc33ea62579dea2d905b8527891f4444503548996ac1249c0c5f55ca66
      ssa_ast: d3d468328e1cfb915364b5b79067d44f7e6e05f17420c0a8d9b8be400ee96ff1
      flattened_ast: 5115cf68aeece9b6b3e970505dfe2c81038712d7e7b48e15e20ad18640922499
      destructured_ast: 1dcf94e961a6f672b0179c3fbf5ed05586df3cfe9a9131318005253e03bc7cb8
      inlined_ast: 1dcf94e961a6f672b0179c3fbf5ed05586df3cfe9a9131318005253e03bc7cb8
      dce_ast: d5945447eaf3b65e1ebcdc32be62c99e0ebd9be0027aba8a19d110002782ea55
      bytecode: 490f1367d32747ffc240c1b2a165f85ca487e65d00e2efee5d784e643213ce20
      warnings: ""
