---
namespace: Compile
expectation: Pass
outputs:
  - - initial_symbol_table: 85b2afdf445a99fc5beb1bb9b7c98ddce8f4936dbdb5173447e64bfc5c73e96d
      type_checked_symbol_table: 37ed5c5410f201880eb2da82ac4ec3d3ebb21756fc697827b30a5853945bfbb7
      unrolled_symbol_table: 37ed5c5410f201880eb2da82ac4ec3d3ebb21756fc697827b30a5853945bfbb7
      initial_ast: 7b8210d40b189814967b16dc03479d22104f612324017a71e28833a97e4ad168
      unrolled_ast: 7b8210d40b189814967b16dc03479d22104f612324017a71e28833a97e4ad168
      ssa_ast: d6cef53098d3df06adf13c61b0e6074ef371fe8dfe7c5099b8e9edf4f39b4456
      flattened_ast: 9d6c48fb6c0face5542abb6f78161e99ea9e009159d852d6b4944adc7ad4979f
      destructured_ast: e5d6750fb6bde02967b5efe26cfda0916013c29ab181082bf5675bc0eb47666b
      inlined_ast: e5d6750fb6bde02967b5efe26cfda0916013c29ab181082bf5675bc0eb47666b
      dce_ast: 7b1996288c951bb2a3887c16d546efbdda751f1d8a73c9b42eda0eeed75d8b5f
      bytecode: 9613835dc4e36f266d29110dd595208e54ebd4b8dcf371985a38796c15044f38
      warnings: ""
