---
namespace: Compile
expectation: Pass
outputs:
  - - initial_symbol_table: 683d28f905f9ebab3eabac6f86be618c3c4527dbcac72624fdaf4f30f7b9912c
      type_checked_symbol_table: 3f1dc10901b99443b1cb15d6c78ae74cb335cb98e07b6c8921bf4ec02697d484
      unrolled_symbol_table: 3f1dc10901b99443b1cb15d6c78ae74cb335cb98e07b6c8921bf4ec02697d484
      initial_ast: 38d3b7d89d9e01f21badbba257844ac8ab6e08dcd1c004c1e460b3b311a64ca8
      unrolled_ast: 38d3b7d89d9e01f21badbba257844ac8ab6e08dcd1c004c1e460b3b311a64ca8
      ssa_ast: 8cb952668f6f1910cd87660acf9cbbcbf7485bca5aca5b9755275460e9b62c01
      flattened_ast: 154b569d94f77d09241a8ea4e9f005e63f8b175298735edda295f11cce371eb4
      destructured_ast: 9b2f4d26ef43ae3bb7e759e6fc18d8acc123bd37482e943fd5999af9334ca064
      inlined_ast: 9b2f4d26ef43ae3bb7e759e6fc18d8acc123bd37482e943fd5999af9334ca064
      dce_ast: 9b2f4d26ef43ae3bb7e759e6fc18d8acc123bd37482e943fd5999af9334ca064
      bytecode: b028178300130b3ccbbce4d1d496a8feb1e4ac876572588e646c6e220105ff70
      warnings: ""
