---
namespace: Compile
expectation: Pass
outputs:
  - - initial_symbol_table: 823522114863d7e6f6aeea3c51ba80535c7fa8ba49115b0b645c1f0ff6a359c4
      type_checked_symbol_table: 78d3b5c6288e9db5a7165141849cd03751f1026b047ca2017da1308b69d8f0c9
      unrolled_symbol_table: 78d3b5c6288e9db5a7165141849cd03751f1026b047ca2017da1308b69d8f0c9
      initial_ast: e9459d4aa31340952370536940df78d8b0cf8363949ca21d125485fa7f789953
      unrolled_ast: e9459d4aa31340952370536940df78d8b0cf8363949ca21d125485fa7f789953
      ssa_ast: aa302f039382fdd442e272d51f5dec085dea031d40bb6f22d698667a8e583cf8
      flattened_ast: 42e3191cb0701f0a187dfbf89de125c16e12fca9e98da8e7b9e3914af3c354cf
      destructured_ast: a3623f49b9cdf520f74c27ea568adf8dfae1fc6c6c65d02131ce32cbc493259d
      inlined_ast: a3623f49b9cdf520f74c27ea568adf8dfae1fc6c6c65d02131ce32cbc493259d
      dce_ast: a3623f49b9cdf520f74c27ea568adf8dfae1fc6c6c65d02131ce32cbc493259d
      bytecode: 567f936a9f498a3648860fa0c7028b9fe84c93e9843fc82865e39298bc99c525
      warnings: ""
