---
namespace: Compile
expectation: Pass
outputs:
  - - initial_symbol_table: a669ebbba1ba1c89f9b9bc0f42342f9dab476d8eab1c5bae3d3e541482f9b25b
      type_checked_symbol_table: 627a3c7488c6e18e617e7ed564bb7ae29ef11dd81f3ea18c5c73d173f253b6b5
      unrolled_symbol_table: 26f0e24e0ac333ba239d85ed8293638f79ece995b09d84d936c2256c8882e8e4
      initial_ast: eb52b2bb9bb2ee20254f62fb7af21e4af066dd819934568f042e39d75a0e5ddc
      unrolled_ast: 8a410e2833772602dbf1effc835230ecdc651e87b959ce24519e436a99875306
      ssa_ast: 807f3f52c788ba6fa859b4fe6c1821c2c788fdfe0a4a7639b8982425cd26fb3e
      flattened_ast: 59f2ce92289c5990a55b19412a56672737da90e19d3d9955d3b30097b37847ef
      destructured_ast: 421b021a8e65708c1ea7fdf0b340133f84d0f678bb385da4a9fe29549609b775
      inlined_ast: 421b021a8e65708c1ea7fdf0b340133f84d0f678bb385da4a9fe29549609b775
      dce_ast: 421b021a8e65708c1ea7fdf0b340133f84d0f678bb385da4a9fe29549609b775
      bytecode: 1425e7c87a38072c342ef9505090c0b039663ac1c5ce41632f999b376c81d348
      warnings: ""
