---
namespace: Compile
expectation: Pass
outputs:
  - - initial_symbol_table: 318333ec5b971a7080d5446acd4f6931703fcb36c1430925528fe655d0d903b5
      type_checked_symbol_table: 9df21559cca2d8fe49e78a8989b590f740238dc795e1e6c99b50eee4528aa407
      unrolled_symbol_table: 9df21559cca2d8fe49e78a8989b590f740238dc795e1e6c99b50eee4528aa407
      initial_ast: 304cf0b7f0601da2a6adf9512fcb3cec5ccfe1352c76a16cbb85929418e6d7a5
      unrolled_ast: 304cf0b7f0601da2a6adf9512fcb3cec5ccfe1352c76a16cbb85929418e6d7a5
      ssa_ast: 8faa00bd3b14759016ef4f43f2a770ccc85e5dda7012e01d32704593e5c5de7b
      flattened_ast: ef92ba80c430cf8f1fbd5246d85828258f7453e102845856a231011d068535fc
      destructured_ast: 6c076afb06a2824b3e55cb5e61eb71ec7507a5307e80405a1b579a8d56f2a4c3
      inlined_ast: 6c076afb06a2824b3e55cb5e61eb71ec7507a5307e80405a1b579a8d56f2a4c3
      dce_ast: 6c076afb06a2824b3e55cb5e61eb71ec7507a5307e80405a1b579a8d56f2a4c3
      bytecode: 65f57028681592ca0f5c4fed50abb89f4aa53139b2371bc00c3e701d5b8e896f
      warnings: ""
