---
namespace: Compile
expectation: Pass
outputs:
  - - initial_symbol_table: 9fff514fbbb7bc77162c85f91243ac0454ec07bd0b77320e87c19adf2f2207de
      type_checked_symbol_table: 43874a4208d661fb947452ae93a7aaa0944ed0faa75aa6af4f89d1acf2e89d97
      unrolled_symbol_table: 43874a4208d661fb947452ae93a7aaa0944ed0faa75aa6af4f89d1acf2e89d97
      initial_ast: 385b2b62aec602a40147af9883c7bfae004ce1fa78768dd5e5fe09710a00cd1c
      unrolled_ast: 385b2b62aec602a40147af9883c7bfae004ce1fa78768dd5e5fe09710a00cd1c
      ssa_ast: 1ac7ebf3469bed7476da1a43a79cc57e9d26d1370c04435a846e5a4585e65023
      flattened_ast: 76cee30c696e69e34a253be7399ba538178dd4a0f4b58bb0c37b7d3ea6f68589
      destructured_ast: 8d4ec843e9208a5b45abc3fc32afc7602b239d07319d99001a58a1b4980b0172
      inlined_ast: 8d4ec843e9208a5b45abc3fc32afc7602b239d07319d99001a58a1b4980b0172
      dce_ast: 8d4ec843e9208a5b45abc3fc32afc7602b239d07319d99001a58a1b4980b0172
      bytecode: 3371e90020913ff2646967d8f24bd5da1033f31c46c1b46c1996331bb488b96e
      warnings: ""
