---
namespace: Compile
expectation: Pass
outputs:
  - - initial_symbol_table: 44f8302f44b3c187df5eb5516b6b48c23889cbbf4ff3a1eba6a0e177b781b319
      type_checked_symbol_table: 7863d5e390001e8eb504d8c2b0eb32b4169371a875b379265e788b656c6bfde7
      unrolled_symbol_table: 7863d5e390001e8eb504d8c2b0eb32b4169371a875b379265e788b656c6bfde7
      initial_ast: ea96cd405d0c1937d534774c21db67100aa7538e7f835251b7b86148c9d55cbf
      unrolled_ast: ea96cd405d0c1937d534774c21db67100aa7538e7f835251b7b86148c9d55cbf
      ssa_ast: e55431c30a3a4d48c0359f627041011d46cf3a156c6ab9c0e939339870a130fb
      flattened_ast: 7678e72a2e86f992358845797bbcc71ca94eeec49f057b26e18d2b9f6acce2b9
      destructured_ast: a26634291591d00b84477872d2c8e011a0153a1de34b1eb25f209fefae9baca3
      inlined_ast: a26634291591d00b84477872d2c8e011a0153a1de34b1eb25f209fefae9baca3
      dce_ast: a26634291591d00b84477872d2c8e011a0153a1de34b1eb25f209fefae9baca3
      bytecode: 8cf2c9baf4dd960c2135a86ac62576bcb4d04c2ba826ff413bdce7f05d230516
      warnings: ""
