---
namespace: Compile
expectation: Pass
outputs:
  - - initial_symbol_table: 8e443c028cea1cb073069e7a389f0dbf533916fc3751e321bb800ccaeb901a58
      type_checked_symbol_table: f4840dc05f84c67293a21be0ed9b1844d29461677af6b1e3d98ca89fbd84c2b2
      unrolled_symbol_table: f4840dc05f84c67293a21be0ed9b1844d29461677af6b1e3d98ca89fbd84c2b2
      initial_ast: e101932c30e61e27d071f6c8920d0104bad450a69498c1d857cb2cb8f184f7c0
      unrolled_ast: e101932c30e61e27d071f6c8920d0104bad450a69498c1d857cb2cb8f184f7c0
      ssa_ast: 26c9adc4113daf717fbef85f8e29d5bb49b5894bb17384ea4aa25f9207baaa0a
      flattened_ast: f4ca3233cd22a0330cf13e97532d2abe904e802f7c9364db823d30a63f7a3cf8
      destructured_ast: bd2ecaf13fec2a800f2733f9f05e5a2b6f51b8218bee3c1d5455943ee9273d7f
      inlined_ast: bd2ecaf13fec2a800f2733f9f05e5a2b6f51b8218bee3c1d5455943ee9273d7f
      dce_ast: bd2ecaf13fec2a800f2733f9f05e5a2b6f51b8218bee3c1d5455943ee9273d7f
      bytecode: eb74a56b4c761a3050ee4ca8c5ac6f4085675f0ba71514b9c10cc49044251472
      warnings: ""
