---
namespace: Compile
expectation: Pass
outputs:
  - - initial_symbol_table: f2e1278c1b7a68a7c55fa40ddb7f96e294617154b5e6645756a54e449174ca49
      type_checked_symbol_table: d84154eca10ddf524e43527f64fbf07e05feb02b142c9f1f36b42667a2ad7b84
      unrolled_symbol_table: d84154eca10ddf524e43527f64fbf07e05feb02b142c9f1f36b42667a2ad7b84
      initial_ast: 5a1aec2ca9bff3d45309f987df10656d93f953be70241de5dc4e899b1b85fba3
      unrolled_ast: 5a1aec2ca9bff3d45309f987df10656d93f953be70241de5dc4e899b1b85fba3
      ssa_ast: 7117b2441409e1f996c89fb5f4e1838b67e467e7718c865ff406b1f48217c0cd
      flattened_ast: 44a802916f9639415b489bbaec167f136cc0c3b3ef88f4a215e6c0633c4efc31
      destructured_ast: 4f497e438998cfd8d33550239e08f1f69d94d2839d420d608ac10f5c5d2cd16b
      inlined_ast: 4f497e438998cfd8d33550239e08f1f69d94d2839d420d608ac10f5c5d2cd16b
      dce_ast: 4f497e438998cfd8d33550239e08f1f69d94d2839d420d608ac10f5c5d2cd16b
      bytecode: f88e8b16ebc2a407989f9f316ad6a9edfec6f134c7a0d9b25cea571df8161900
      warnings: ""
