---
namespace: Compile
expectation: Pass
outputs:
  - - initial_symbol_table: 74b5b2e631e68611202a7a045996856214c9c3b227b9758d93dc52912d073526
      type_checked_symbol_table: 3d20ce52198bcfd4f30fa6c80c28b6415a5d13ef629474ac3041cb3d0da75e8a
      unrolled_symbol_table: 3d20ce52198bcfd4f30fa6c80c28b6415a5d13ef629474ac3041cb3d0da75e8a
      initial_ast: 83786cdae0f4f1f2e8213f4ffee814a734ffcf1501dc34daf4b36acb9b1cc8ad
      unrolled_ast: 83786cdae0f4f1f2e8213f4ffee814a734ffcf1501dc34daf4b36acb9b1cc8ad
      ssa_ast: a9cf5139abdfb2527f7921bf314c1791b527f9630c63297f5ad9d8d0f7c76689
      flattened_ast: 46a519bdeaee324b62eb2a9f2fcdbdc4308c14476e1790dbc52b21b1b2174dd5
      destructured_ast: 4cf364caf5c30e515d221251344376918402206504f5e78fae80db4827cd86da
      inlined_ast: 4cf364caf5c30e515d221251344376918402206504f5e78fae80db4827cd86da
      dce_ast: 4cf364caf5c30e515d221251344376918402206504f5e78fae80db4827cd86da
      bytecode: 009e138c1ef58588c8c34fdd4b56c5cd984a2f4664d71a3ce1f5811350d5cc1f
      warnings: ""
