---
namespace: Compile
expectation: Pass
outputs:
  - - initial_symbol_table: 3b9e4539ba9a5a05af207777741e4d9bce242a0aae50c24ad98f5de02c9d9fd4
      type_checked_symbol_table: c6830299330a05ca4f0ad6029c9bbd1e3773f782b26e721ddb140ee7564f8444
      unrolled_symbol_table: c6830299330a05ca4f0ad6029c9bbd1e3773f782b26e721ddb140ee7564f8444
      initial_ast: 1c906a0215f9fb741c2b753ba481d23ecf05eafe4e735be84aa1c93cdba2cb1e
      unrolled_ast: 1c906a0215f9fb741c2b753ba481d23ecf05eafe4e735be84aa1c93cdba2cb1e
      ssa_ast: eae5f3b8382ac91d94bd07fcd5176c68aca05b4bd09fbe58b47593c73903683a
      flattened_ast: 6e1f1c6e79148e6336cb144210314565ac42f49be35dcc9a8786849e60076038
      destructured_ast: 58e445f587fa1265412117255cb46e89bd2922def1409cc812f7fc4dcf96f505
      inlined_ast: 58e445f587fa1265412117255cb46e89bd2922def1409cc812f7fc4dcf96f505
      dce_ast: 58e445f587fa1265412117255cb46e89bd2922def1409cc812f7fc4dcf96f505
      bytecode: 4e191316243b5f6fff5d47a3177f3ec59d72ce76b7f3d6d3aa0da615f67a4087
      warnings: ""
