---
namespace: Compile
expectation: Pass
outputs:
  - - initial_symbol_table: b818f3f5449fc62add96728e1a051a68c21097a09f484600d4e82b5d502c5d06
      type_checked_symbol_table: 41c0247334d4ede070ae3278a2ef3cfde78fbf29cf768b8f60f3f5deadefd75b
      unrolled_symbol_table: 41c0247334d4ede070ae3278a2ef3cfde78fbf29cf768b8f60f3f5deadefd75b
      initial_ast: 008463f5deff1742786124c320a217a9d9408c88985627a62c95d3cd40ce279c
      unrolled_ast: 008463f5deff1742786124c320a217a9d9408c88985627a62c95d3cd40ce279c
      ssa_ast: bd284a6369a0aaddb144904b726733e0d0cd75318050977a31492a5eac531ca0
      flattened_ast: cb86a3f7a20c956ea9b398130fb33050953ef8b86ec5b6f83e45a7f8b55e364c
      destructured_ast: c7fb16b5e352f5ced43a72396bfa2794b1920e40548bab88f928fc602f47e5df
      inlined_ast: c7fb16b5e352f5ced43a72396bfa2794b1920e40548bab88f928fc602f47e5df
      dce_ast: c7fb16b5e352f5ced43a72396bfa2794b1920e40548bab88f928fc602f47e5df
      bytecode: bbef5ec539b8616fe91e41c03c8ea6a71dfd3cb9731e634919bc8356e6664594
      warnings: ""
