---
namespace: Compile
expectation: Pass
outputs:
  - - initial_symbol_table: 8ad2062b26cb7ce9977099acf47634563db6bee84d16c90b51fa68c6a9577781
      type_checked_symbol_table: 7bd0addc88bb8cc54ffa341e723d934aa92dec285cf7ab9cec69df8d4b7b98f4
      unrolled_symbol_table: 7bd0addc88bb8cc54ffa341e723d934aa92dec285cf7ab9cec69df8d4b7b98f4
      initial_ast: 93bb916617cc2aac07e70e185e31af232913f197803ac263c3911534de4f8695
      unrolled_ast: 93bb916617cc2aac07e70e185e31af232913f197803ac263c3911534de4f8695
      ssa_ast: 8c721672e6eff2ad5bb4fe1315ad1d8d2b86142345d04ac60484a6a6b3ca77a6
      flattened_ast: 6cc2a25e399ae78217bf1403cf29ddd6ad17ef8bd731de5b5e903dc95414e483
      destructured_ast: 5d633186b406e86defed1611a80228bf6205c0470a7bf8517464d3e737ab7722
      inlined_ast: 5d633186b406e86defed1611a80228bf6205c0470a7bf8517464d3e737ab7722
      dce_ast: 5d633186b406e86defed1611a80228bf6205c0470a7bf8517464d3e737ab7722
      bytecode: d1cb76177aa7ffcdc033855e2696b25791292c7c6b38fdc3c1e145dadc0f838a
      warnings: ""
