---
namespace: Compile
expectation: Pass
outputs:
  - - initial_symbol_table: f42679f84a0502913466b98ad0802570b196a03efb92762dbf14ddef9343e2bb
      type_checked_symbol_table: badc647bf125be858219463ee7be65a54c641b1a351a7f0b17012263cce0ad5a
      unrolled_symbol_table: badc647bf125be858219463ee7be65a54c641b1a351a7f0b17012263cce0ad5a
      initial_ast: ab0cb67645b250671bca5968fe522eb4f201775566e3e956309218a1a01eb834
      unrolled_ast: ab0cb67645b250671bca5968fe522eb4f201775566e3e956309218a1a01eb834
      ssa_ast: 14090a26662d8d42617527ff1238059aa94b59be807654ed2dff6e13aafbaf8f
      flattened_ast: 1307dc5a635c27b77494e874c4539afa1b76eab3baf36f90a35821331318b826
      destructured_ast: d904c2e1b462c5fdf44ddb9ebdf77eebf8b7c811a0c7c591559db500656270ae
      inlined_ast: d904c2e1b462c5fdf44ddb9ebdf77eebf8b7c811a0c7c591559db500656270ae
      dce_ast: f3cc6f32fcb337324135d0c2fa09ae1679e8ea339dbb22f41bbca9c3f268c724
      bytecode: 9a042a6076c83bb376f10443261e56704956030b03df62da5d5f4742ac10c74d
      warnings: ""
